
> crm-inmobiliaria-frontend@0.1.0 build
> vite build

node.exe : [31mfailed 
to load config from C:\
Users\amir_\OneDrive\Es
critorio\RENAV\RENAV-CR
M-FRONT\vite.config.js
[39m
En C:\Program 
Files\nodejs\npm.ps1: 
29 Carácter: 3
+   & $NODE_EXE 
$NPM_CLI_JS $args
+   ~~~~~~~~~~~~~~~~~~~
~~~~~~~~~~
    + CategoryInfo     
         : NotSpecifi  
  ed: ([31mfailed t   
 o ....config.js[3    
9m:String) [], Rem    
oteException
    + FullyQualifiedEr 
   rorId : NativeComm  
  andError
 
[31merror during 
build:
Error [ERR_MODULE_NOT_F
OUND]: Cannot find 
package 
'@vitejs/plugin-react' 
imported from C:\Users\
amir_\OneDrive\Escritor
io\RENAV\RENAV-CRM-FRON
T\vite.config.js.timest
amp-1773005783789-3e9b8
dcf7cd49.mjs
    at Object.getPackag
eJSONURL (node:internal
/modules/package_json_r
eader:268:9)
    at packageResolve (
node:internal/modules/e
sm/resolve:768:81)
    at moduleResolve (n
ode:internal/modules/es
m/resolve:854:18)
    at defaultResolve (
node:internal/modules/e
sm/resolve:984:11)
    at ModuleLoader.def
aultResolve (node:inter
nal/modules/esm/loader:
780:12)
    at 
#cachedDefaultResolve (
node:internal/modules/e
sm/loader:704:25)
    at 
ModuleLoader.resolve (n
ode:internal/modules/es
m/loader:687:38)
    at ModuleLoader.get
ModuleJobForImport (nod
e:internal/modules/esm/
loader:305:38)
    at ModuleJob._link 
(node:internal/modules/
esm/module_job:137:49)
[39m
